layer at (0,0) size 800x600
  LayoutView at (0,0) size 800x600
layer at (0,0) size 800x372
  LayoutBlockFlow {HTML} at (0,0) size 800x372
    LayoutBlockFlow {BODY} at (8,16) size 784x348
      LayoutBlockFlow {P} at (0,0) size 784x20
        LayoutText {#text} at (0,0) size 520x19
          text run at (0,0) width 520: "crbug.com/133700: Ellipsis placed correctly in rtl text in an inline-block wth an rtl flow."
      LayoutBlockFlow {P} at (0,36) size 784x20
        LayoutText {#text} at (0,0) size 280x19
          text run at (0,0) width 280: "You should see text followed by ellipsis below."
      LayoutBlockFlow {P} at (0,108) size 784x20
        LayoutText {#text} at (0,0) size 280x19
          text run at (0,0) width 280: "You should see ellipsis followed by text below."
      LayoutBlockFlow {P} at (0,180) size 784x20
        LayoutText {#text} at (0,0) size 280x19
          text run at (0,0) width 280: "You should see text followed by ellipsis below."
      LayoutBlockFlow {P} at (0,272) size 784x20
        LayoutText {#text} at (0,0) size 280x19
          text run at (0,0) width 280: "You should see ellipsis followed by text below."
layer at (8,88) size 55x20 scrollWidth 64
  LayoutBlockFlow {DIV} at (0,72) size 55x20
    LayoutBlockFlow {SPAN} at (0,0) size 22x20
      LayoutText {#text} at (0,0) size 22x19
        text run at (0,0) width 15 RTL: "\x{5D0}\x{5D1}"
        text run at (15,0) width 7: "x"
    LayoutBlockFlow {SPAN} at (22,0) size 22x20
      LayoutText {#text} at (0,0) size 22x19
        text run at (0,0) width 15 RTL: "\x{5D3}\x{5D4}"
        text run at (15,0) width 7: "x"
    LayoutBlockFlow {SPAN} at (44,0) size 20x20
      LayoutText {#text} at (0,0) size 20x19
        text run at (0,0) width 13 RTL: "\x{5D6}\x{5D7}"
        text run at (13,0) width 7: "x"
    LayoutText {#text} at (0,0) size 0x0
layer at (8,160) size 55x20 scrollX 9.00 scrollWidth 64
  LayoutBlockFlow {DIV} at (0,144) size 55x20
    LayoutBlockFlow {SPAN} at (33,0) size 22x20
      LayoutText {#text} at (0,0) size 22x19
        text run at (0,0) width 7: "x"
        text run at (7,0) width 15 RTL: "\x{5D0}\x{5D1}"
    LayoutBlockFlow {SPAN} at (11,0) size 22x20
      LayoutText {#text} at (0,0) size 22x19
        text run at (0,0) width 7: "x"
        text run at (7,0) width 15 RTL: "\x{5D3}\x{5D4}"
    LayoutBlockFlow {SPAN} at (-9,0) size 20x20
      LayoutText {#text} at (0,0) size 20x19
        text run at (0,0) width 7: "x"
        text run at (7,0) width 13 RTL: "\x{5D6}\x{5D7}"
    LayoutText {#text} at (0,0) size 0x0
layer at (8,232) size 55x40 scrollWidth 130
  LayoutBlockFlow {DIV} at (0,216) size 55x40
    LayoutBlockFlow {SPAN} at (0,0) size 92x40
      LayoutText {#text} at (0,0) size 92x19
        text run at (0,0) width 44 RTL: "\x{5D0}\x{5D1}\x{5D2}\x{5D3}\x{5D4}\x{5D5}\x{5D6}"
        text run at (44,0) width 48: "abcdefg"
      LayoutBR {BR} at (92,0) size 0x19
      LayoutText {#text} at (2,20) size 88x19
        text run at (2,20) width 40 RTL: "\x{5D0}\x{5D1}\x{5D2}\x{5D3}\x{5D4}\x{5D5}"
        text run at (41,20) width 49: "abcdefg"
    LayoutBlockFlow {SPAN} at (92,20) size 20x20
      LayoutText {#text} at (0,0) size 20x19
        text run at (0,0) width 13 RTL: "\x{5D6}\x{5D7}"
        text run at (13,0) width 7: "a"
    LayoutBlockFlow {SPAN} at (112,20) size 18x20
      LayoutText {#text} at (0,0) size 18x19
        text run at (0,0) width 11 RTL: "\x{5D9}\x{5DB}"
        text run at (11,0) width 7: "a"
    LayoutText {#text} at (0,0) size 0x0
layer at (8,324) size 55x40 scrollX 75.00 scrollWidth 130
  LayoutBlockFlow {DIV} at (0,308) size 55x40
    LayoutBlockFlow {SPAN} at (-37,0) size 92x40
      LayoutText {#text} at (0,0) size 92x19
        text run at (0,0) width 48: "abcdefg"
        text run at (48,0) width 44 RTL: "\x{5D0}\x{5D1}\x{5D2}\x{5D3}\x{5D4}\x{5D5}\x{5D6}"
      LayoutBR {BR} at (0,0) size 0x19
      LayoutText {#text} at (2,20) size 88x19
        text run at (2,20) width 49: "abcdefg"
        text run at (50,20) width 40 RTL: "\x{5D0}\x{5D1}\x{5D2}\x{5D3}\x{5D4}\x{5D5}"
    LayoutBlockFlow {SPAN} at (-57,20) size 20x20
      LayoutText {#text} at (0,0) size 20x19
        text run at (0,0) width 7: "a"
        text run at (7,0) width 13 RTL: "\x{5D6}\x{5D7}"
    LayoutBlockFlow {SPAN} at (-75,20) size 18x20
      LayoutText {#text} at (0,0) size 18x19
        text run at (0,0) width 7: "a"
        text run at (7,0) width 11 RTL: "\x{5D9}\x{5DB}"
    LayoutText {#text} at (0,0) size 0x0
