layer at (0,0) size 800x600
  LayoutView at (0,0) size 800x600
layer at (0,0) size 800x50
  LayoutBlockFlow {HTML} at (0,0) size 800x50
    LayoutBlockFlow {BODY} at (8,8) size 784x34
      LayoutBlockFlow {DIV} at (0,0) size 784x34
        LayoutText {#text} at (0,0) size 308x33
          text run at (0,0) width 308: "wellcome should be marked"
caret: position 0 of child 0 {#text} of child 1 {DIV} of body
